START
2026-07-27T05:47:20Z PHASE0_CLUSTER_READY
2026-07-27T05:47:55Z PHASE1_INSTALL_CM_A_START
2026-07-27T05:48:18Z PHASE1_INSTALL_CM_B_START
2026-07-27T05:48:53Z MID_EXPERIMENT_VERSION_CHANGE_START
2026-07-27T05:50:55Z PHASE0_CLUSTER_READY_K8S_1_24
2026-07-27T05:51:47Z PHASE1_INSTALL_CM_A_START
2026-07-27T05:52:31Z PHASE1_INSTALL_CM_B_START
2026-07-27T05:55:53Z PHASE2_VAULT_ISSUER_APPLY
2026-07-27T05:57:56Z PHASE2_DEMO_CERT_READY
2026-07-27T05:58:12Z PHASE2_DEMO_CERT_READY
2026-07-27T05:58:47Z PHASE3_PROBE_STARTED pid=5240
2026-07-27T05:59:15Z CASE1_START
2026-07-27T05:59:15Z CASE1_DEPLOYS_DELETED
2026-07-27T06:00:45Z CASE1_WEBHOOKCONFIGS_DELETED
2026-07-27T06:00:57Z CASE1_DONE
2026-07-27T06:01:41Z CASE1_DEMO_CERT2_READY
2026-07-27T06:01:48Z CASE1_CLEANUP_DONE
2026-07-27T06:01:54Z CASE2_PREP_REINSTALL_CM_B_START
2026-07-27T06:02:16Z CASE2_PREP_DONE
2026-07-27T06:02:50Z CASE2_START
2026-07-27T06:02:50Z DEMO_CERT3_CREATED
2026-07-27T06:02:50Z CASE2_CM_A_WEBHOOKCONFIGS_DELETED
2026-07-27T06:02:55Z CASE2_CM_A_DEPLOYS_DELETED
2026-07-27T06:03:02Z CASE2_DONE
2026-07-27T06:03:53Z CASE2_DEMO_CERT4_READY
2026-07-27T06:04:57Z CASE2_CLEANUP_DONE
2026-07-27T06:05:03Z STOPPING_PROBE
