WARNING: Kubernetes configuration file is group-readable. This is insecure. Location: /etc/rancher/k3s/k3s.yaml
WARNING: Kubernetes configuration file is world-readable. This is insecure. Location: /etc/rancher/k3s/k3s.yaml
NAME: cm-a
LAST DEPLOYED: Mon Jul 27 05:47:55 2026
NAMESPACE: cert-manager
STATUS: deployed
REVISION: 1
TEST SUITE: None
NOTES:
cert-manager v1.21.0 has been deployed successfully!

In order to begin issuing certificates, you will need to set up a ClusterIssuer
or Issuer resource (for example, by creating a 'letsencrypt-staging' issuer).

More information on the different types of issuers and how to configure them
can be found in our documentation:

https://cert-manager.io/docs/configuration/

For information on how to configure cert-manager to automatically provision
Certificates for Ingress resources, take a look at the `ingress-shim`
documentation:

https://cert-manager.io/docs/usage/ingress/

For information on how to configure cert-manager to automatically provision
Certificates for Gateway API resources, take a look at the `gateway resource`
documentation:

https://cert-manager.io/docs/usage/gateway/
