=== A: attempt 1 — naive direct jump with carried-over values ===
WARNING: Kubernetes configuration file is group-readable. This is insecure. Location: /etc/rancher/k3s/k3s.yaml
WARNING: Kubernetes configuration file is world-readable. This is insecure. Location: /etc/rancher/k3s/k3s.yaml
Pulled: quay.io/jetstack/charts/cert-manager:v1.21.0
Digest: sha256:cd55fea42658e54abc25e85a0bc1de229925a5006445f916bfd2c6dc80ac3613
Error: UPGRADE FAILED: values don't meet the specifications of the schema(s) in the following chart(s):
cert-manager:
- (root): Additional property replicaCounts is not allowed
- prometheus.servicemonitor: Additional property targetPort is not allowed

NAME        	NAMESPACE   	REVISION	UPDATED                                	STATUS  	CHART               	APP VERSION
cert-manager	cert-manager	1       	2026-07-25 03:37:43.312356131 +0000 UTC	deployed	cert-manager-v1.14.7	v1.14.7    
=== A: attempt 2 — pruned values ===
WARNING: Kubernetes configuration file is group-readable. This is insecure. Location: /etc/rancher/k3s/k3s.yaml
WARNING: Kubernetes configuration file is world-readable. This is insecure. Location: /etc/rancher/k3s/k3s.yaml
Pulled: quay.io/jetstack/charts/cert-manager:v1.21.0
Digest: sha256:cd55fea42658e54abc25e85a0bc1de229925a5006445f916bfd2c6dc80ac3613
Release "cert-manager" has been upgraded. Happy Helming!
NAME: cert-manager
LAST DEPLOYED: Sat Jul 25 03:47:04 2026
NAMESPACE: cert-manager
STATUS: deployed
REVISION: 2
TEST SUITE: None
NOTES:
⚠️  WARNING: `installCRDs` is deprecated, use `crds.enabled` instead.
cert-manager v1.21.0 has been deployed successfully!

In order to begin issuing certificates, you will need to set up a ClusterIssuer
or Issuer resource (for example, by creating a 'letsencrypt-staging' issuer).

More information on the different types of issuers and how to configure them
can be found in our documentation:

https://cert-manager.io/docs/configuration/

For information on how to configure cert-manager to automatically provision
Certificates for Ingress resources, take a look at the `ingress-shim`
documentation:

https://cert-manager.io/docs/usage/ingress/

For information on how to configure cert-manager to automatically provision
Certificates for Gateway API resources, take a look at the `gateway resource`
documentation:

https://cert-manager.io/docs/usage/gateway/
