2026-06-11 05:27:45 +0000 [info]: init supervisor logger path=nil rotate_age=nil rotate_size=nil
2026-06-11 05:27:45 +0000 [info]: parsing config file is succeeded path="/fluentd/etc/fluent.conf"
2026-06-11 05:27:45 +0000 [info]: gem 'fluentd' version '1.17.1'
2026-06-11 05:27:45 +0000 [info]: gem 'fluent-plugin-concat' version '2.5.0'
2026-06-11 05:27:45 +0000 [info]: gem 'fluent-plugin-dedot_filter' version '1.0.0'
2026-06-11 05:27:45 +0000 [info]: gem 'fluent-plugin-detect-exceptions' version '0.0.15'
2026-06-11 05:27:45 +0000 [info]: gem 'fluent-plugin-elasticsearch' version '5.2.5'
2026-06-11 05:27:45 +0000 [info]: gem 'fluent-plugin-grok-parser' version '2.6.2'
2026-06-11 05:27:45 +0000 [info]: gem 'fluent-plugin-json-in-json-2' version '1.0.2'
2026-06-11 05:27:45 +0000 [info]: gem 'fluent-plugin-kubernetes_metadata_filter' version '3.5.1'
2026-06-11 05:27:45 +0000 [info]: gem 'fluent-plugin-multi-format-parser' version '1.0.0'
2026-06-11 05:27:45 +0000 [info]: gem 'fluent-plugin-parser-cri' version '0.1.1'
2026-06-11 05:27:45 +0000 [info]: gem 'fluent-plugin-prometheus' version '2.1.0'
2026-06-11 05:27:45 +0000 [info]: gem 'fluent-plugin-record-modifier' version '2.1.1'
2026-06-11 05:27:45 +0000 [info]: gem 'fluent-plugin-rewrite-tag-filter' version '2.4.0'
2026-06-11 05:27:45 +0000 [info]: gem 'fluent-plugin-systemd' version '1.1.0'
2026-06-11 05:27:45 +0000 [info]: 'flush_interval' is configured at out side of <buffer>. 'flush_mode' is set to 'interval' to keep existing behaviour
2026-06-11 05:27:45 +0000 [info]: using configuration file: <ROOT>
  <source>
    @type tail
    path "/var/log/containers/big5-log-generator*.log"
    pos_file "/var/log/fluentd-big5.pos"
    tag "kubernetes.big5"
    read_from_head true
    <parse>
      @type "regexp"
      expression /^(?<time>[^ ]+) (?<stream>stdout|stderr) (?<flags>[^ ]+) (?<log>.*)$/
      time_format "%Y-%m-%dT%H:%M:%S.%N%Z"
      keep_time_key false
      unmatched_lines 
    </parse>
  </source>
  <match kubernetes.big5>
    @type elasticsearch
    host "elasticsearch.big5-lab.svc.cluster.local"
    port 9200
    logstash_format true
    logstash_prefix "big5-logs"
    include_timestamp true
    flush_interval 5s
    <buffer>
      flush_interval 5s
      retry_max_times 3
    </buffer>
  </match>
</ROOT>
2026-06-11 05:27:45 +0000 [info]: starting fluentd-1.17.1 pid=7 ruby="3.2.5"
2026-06-11 05:27:45 +0000 [info]: spawn command to main:  cmdline=["/usr/local/bin/ruby", "-Eascii-8bit:ascii-8bit", "/fluentd/vendor/bundle/ruby/3.2.0/bin/fluentd", "-c", "/fluentd/etc/fluent.conf", "-p", "/fluentd/plugins", "--gemfile", "/fluentd/Gemfile", "-r", "/fluentd/vendor/bundle/ruby/3.2.0/gems/fluent-plugin-elasticsearch-5.2.5/lib/fluent/plugin/elasticsearch_simple_sniffer.rb", "--under-supervisor"]
2026-06-11 05:27:46 +0000 [info]: #0 init worker0 logger path=nil rotate_age=nil rotate_size=nil
2026-06-11 05:27:47 +0000 [info]: adding match pattern="kubernetes.big5" type="elasticsearch"
2026-06-11 05:27:47 +0000 [info]: #0 'flush_interval' is configured at out side of <buffer>. 'flush_mode' is set to 'interval' to keep existing behaviour
2026-06-11 05:27:47 +0000 [warn]: #0 Detected ES 7.x: `_doc` will be used as the document `_type`.
2026-06-11 05:27:47 +0000 [info]: adding source type="tail"
2026-06-11 05:27:47 +0000 [info]: #0 starting fluentd worker pid=15 ppid=7 worker=0
2026-06-11 05:27:47 +0000 [info]: #0 following tail of /var/log/containers/big5-log-generator-b46bd6f55-57rbl_big5-lab_generator-0adb83e0271440c3d7e5678358704e4f9d05766588133d40b70c353503b1a0f2.log
2026-06-11 05:27:47 +0000 [info]: #0 fluentd worker is now running worker=0
2026-06-11 05:27:52 +0000 [warn]: #0 dump an error event: error_class=Fluent::Plugin::ElasticsearchErrorHandler::ElasticsearchError error="400 - Rejected by Elasticsearch" location=nil tag="kubernetes.big5" time=2026-06-11 05:26:52.036571792 +0000 record={"stream"=>"stdout", "flags"=>"F", "log"=>"[000000] \xB3o\xACO\xA4@\xACq\xC1c\xC5\xE9\xA4\xA4\xA4\xE5\xB4\xFA\xB8\xD5\xB0T\xAE\xA7", "@timestamp"=>"2026-06-11T05:26:52.036571792+00:00"}
2026-06-11 05:27:52 +0000 [warn]: #0 dump an error event: error_class=Fluent::Plugin::ElasticsearchErrorHandler::ElasticsearchError error="400 - Rejected by Elasticsearch" location=nil tag="kubernetes.big5" time=2026-06-11 05:26:54.036844297 +0000 record={"stream"=>"stdout", "flags"=>"F", "log"=>"[000001] \xA8\xCF\xA5\xCE\xAA\xCC\xB5n\xA4J\xA5\xA2\xB1\xD1\xA1A\xB1b\xB8\xB9\xA9\xCE\xB1K\xBDX\xBF\xF9\xBB~", "@timestamp"=>"2026-06-11T05:26:54.036844297+00:00"}
2026-06-11 05:27:52 +0000 [warn]: #0 dump an error event: error_class=Fluent::Plugin::ElasticsearchErrorHandler::ElasticsearchError error="400 - Rejected by Elasticsearch" location=nil tag="kubernetes.big5" time=2026-06-11 05:26:56.037186762 +0000 record={"stream"=>"stdout", "flags"=>"F", "log"=>"[000002] \xA8t\xB2\xCE\xBF\xF9\xBB~\xA1G\xB5L\xAAk\xB3s\xBDu\xA6\xDC\xB8\xEA\xAE\xC6\xAEw", "@timestamp"=>"2026-06-11T05:26:56.037186762+00:00"}
2026-06-11 05:27:52 +0000 [warn]: #0 dump an error event: error_class=Fluent::Plugin::ElasticsearchErrorHandler::ElasticsearchError error="400 - Rejected by Elasticsearch" location=nil tag="kubernetes.big5" time=2026-06-11 05:26:58.037716498 +0000 record={"stream"=>"stdout", "flags"=>"F", "log"=>"[000003] \xADq\xB3\xE6\xB3B\xB2z\xA7\xB9\xA6\xA8\xA1A\xB7P\xC1\xC2\xB1z\xAA\xBA\xC1\xCA\xB6R", "@timestamp"=>"2026-06-11T05:26:58.037716498+00:00"}
2026-06-11 05:27:52 +0000 [warn]: #0 dump an error event: error_class=Fluent::Plugin::ElasticsearchErrorHandler::ElasticsearchError error="400 - Rejected by Elasticsearch" location=nil tag="kubernetes.big5" time=2026-06-11 05:27:00.037723790 +0000 record={"stream"=>"stdout", "flags"=>"F", "log"=>"[000004] \xC4\xB5\xA7i\xA1G\xBA\xCF\xBA\xD0\xAA\xC5\xB6\xA1\xA4\xA3\xA8\xAC\xA1A\xBD\xD0\xA5\xDF\xA7Y\xB2M\xB2z", "@timestamp"=>"2026-06-11T05:27:00.037723790+00:00"}
2026-06-11 05:27:52 +0000 [warn]: #0 dump an error event: error_class=Fluent::Plugin::ElasticsearchErrorHandler::ElasticsearchError error="400 - Rejected by Elasticsearch" location=nil tag="kubernetes.big5" time=2026-06-11 05:27:02.037968719 +0000 record={"stream"=>"stdout", "flags"=>"F", "log"=>"[000005] \xA6\xF8\xAAA\xBE\xB9\xA6^\xC0\xB3\xB9O\xAE\xC9\xA1A\xBD\xD0\xB5y\xAB\xE1\xA6A\xB8\xD5", "@timestamp"=>"2026-06-11T05:27:02.037968719+00:00"}
2026-06-11 05:27:52 +0000 [warn]: #0 dump an error event: error_class=Fluent::Plugin::ElasticsearchErrorHandler::ElasticsearchError error="400 - Rejected by Elasticsearch" location=nil tag="kubernetes.big5" time=2026-06-11 05:27:04.038200990 +0000 record={"stream"=>"stdout", "flags"=>"F", "log"=>"[000006] \xB3o\xACO\xA4@\xACq\xC1c\xC5\xE9\xA4\xA4\xA4\xE5\xB4\xFA\xB8\xD5\xB0T\xAE\xA7", "@timestamp"=>"2026-06-11T05:27:04.038200990+00:00"}
2026-06-11 05:27:52 +0000 [warn]: #0 dump an error event: error_class=Fluent::Plugin::ElasticsearchErrorHandler::ElasticsearchError error="400 - Rejected by Elasticsearch" location=nil tag="kubernetes.big5" time=2026-06-11 05:27:06.038356528 +0000 record={"stream"=>"stdout", "flags"=>"F", "log"=>"[000007] \xA8\xCF\xA5\xCE\xAA\xCC\xB5n\xA4J\xA5\xA2\xB1\xD1\xA1A\xB1b\xB8\xB9\xA9\xCE\xB1K\xBDX\xBF\xF9\xBB~", "@timestamp"=>"2026-06-11T05:27:06.038356528+00:00"}
2026-06-11 05:27:52 +0000 [warn]: #0 dump an error event: error_class=Fluent::Plugin::ElasticsearchErrorHandler::ElasticsearchError error="400 - Rejected by Elasticsearch" location=nil tag="kubernetes.big5" time=2026-06-11 05:27:08.038510024 +0000 record={"stream"=>"stdout", "flags"=>"F", "log"=>"[000008] \xA8t\xB2\xCE\xBF\xF9\xBB~\xA1G\xB5L\xAAk\xB3s\xBDu\xA6\xDC\xB8\xEA\xAE\xC6\xAEw", "@timestamp"=>"2026-06-11T05:27:08.038510024+00:00"}
2026-06-11 05:27:52 +0000 [warn]: #0 dump an error event: error_class=Fluent::Plugin::ElasticsearchErrorHandler::ElasticsearchError error="400 - Rejected by Elasticsearch" location=nil tag="kubernetes.big5" time=2026-06-11 05:27:10.038784205 +0000 record={"stream"=>"stdout", "flags"=>"F", "log"=>"[000009] \xADq\xB3\xE6\xB3B\xB2z\xA7\xB9\xA6\xA8\xA1A\xB7P\xC1\xC2\xB1z\xAA\xBA\xC1\xCA\xB6R", "@timestamp"=>"2026-06-11T05:27:10.038784205+00:00"}
2026-06-11 05:27:52 +0000 [warn]: #0 dump an error event: error_class=Fluent::Plugin::ElasticsearchErrorHandler::ElasticsearchError error="400 - Rejected by Elasticsearch" location=nil tag="kubernetes.big5" time=2026-06-11 05:27:12.039037679 +0000 record={"stream"=>"stdout", "flags"=>"F", "log"=>"[000010] \xC4\xB5\xA7i\xA1G\xBA\xCF\xBA\xD0\xAA\xC5\xB6\xA1\xA4\xA3\xA8\xAC\xA1A\xBD\xD0\xA5\xDF\xA7Y\xB2M\xB2z", "@timestamp"=>"2026-06-11T05:27:12.039037679+00:00"}
2026-06-11 05:27:52 +0000 [warn]: #0 dump an error event: error_class=Fluent::Plugin::ElasticsearchErrorHandler::ElasticsearchError error="400 - Rejected by Elasticsearch" location=nil tag="kubernetes.big5" time=2026-06-11 05:27:14.039161267 +0000 record={"stream"=>"stdout", "flags"=>"F", "log"=>"[000011] \xA6\xF8\xAAA\xBE\xB9\xA6^\xC0\xB3\xB9O\xAE\xC9\xA1A\xBD\xD0\xB5y\xAB\xE1\xA6A\xB8\xD5", "@timestamp"=>"2026-06-11T05:27:14.039161267+00:00"}
2026-06-11 05:27:52 +0000 [warn]: #0 dump an error event: error_class=Fluent::Plugin::ElasticsearchErrorHandler::ElasticsearchError error="400 - Rejected by Elasticsearch" location=nil tag="kubernetes.big5" time=2026-06-11 05:27:16.039368200 +0000 record={"stream"=>"stdout", "flags"=>"F", "log"=>"[000012] \xB3o\xACO\xA4@\xACq\xC1c\xC5\xE9\xA4\xA4\xA4\xE5\xB4\xFA\xB8\xD5\xB0T\xAE\xA7", "@timestamp"=>"2026-06-11T05:27:16.039368200+00:00"}
2026-06-11 05:27:52 +0000 [warn]: #0 dump an error event: error_class=Fluent::Plugin::ElasticsearchErrorHandler::ElasticsearchError error="400 - Rejected by Elasticsearch" location=nil tag="kubernetes.big5" time=2026-06-11 05:27:18.039650752 +0000 record={"stream"=>"stdout", "flags"=>"F", "log"=>"[000013] \xA8\xCF\xA5\xCE\xAA\xCC\xB5n\xA4J\xA5\xA2\xB1\xD1\xA1A\xB1b\xB8\xB9\xA9\xCE\xB1K\xBDX\xBF\xF9\xBB~", "@timestamp"=>"2026-06-11T05:27:18.039650752+00:00"}
2026-06-11 05:27:52 +0000 [warn]: #0 dump an error event: error_class=Fluent::Plugin::ElasticsearchErrorHandler::ElasticsearchError error="400 - Rejected by Elasticsearch" location=nil tag="kubernetes.big5" time=2026-06-11 05:27:20.039883127 +0000 record={"stream"=>"stdout", "flags"=>"F", "log"=>"[000014] \xA8t\xB2\xCE\xBF\xF9\xBB~\xA1G\xB5L\xAAk\xB3s\xBDu\xA6\xDC\xB8\xEA\xAE\xC6\xAEw", "@timestamp"=>"2026-06-11T05:27:20.039883127+00:00"}
2026-06-11 05:27:52 +0000 [warn]: #0 dump an error event: error_class=Fluent::Plugin::ElasticsearchErrorHandler::ElasticsearchError error="400 - Rejected by Elasticsearch" location=nil tag="kubernetes.big5" time=2026-06-11 05:27:22.040129153 +0000 record={"stream"=>"stdout", "flags"=>"F", "log"=>"[000015] \xADq\xB3\xE6\xB3B\xB2z\xA7\xB9\xA6\xA8\xA1A\xB7P\xC1\xC2\xB1z\xAA\xBA\xC1\xCA\xB6R", "@timestamp"=>"2026-06-11T05:27:22.040129153+00:00"}
2026-06-11 05:27:52 +0000 [warn]: #0 dump an error event: error_class=Fluent::Plugin::ElasticsearchErrorHandler::ElasticsearchError error="400 - Rejected by Elasticsearch" location=nil tag="kubernetes.big5" time=2026-06-11 05:27:24.040378850 +0000 record={"stream"=>"stdout", "flags"=>"F", "log"=>"[000016] \xC4\xB5\xA7i\xA1G\xBA\xCF\xBA\xD0\xAA\xC5\xB6\xA1\xA4\xA3\xA8\xAC\xA1A\xBD\xD0\xA5\xDF\xA7Y\xB2M\xB2z", "@timestamp"=>"2026-06-11T05:27:24.040378850+00:00"}
2026-06-11 05:27:52 +0000 [warn]: #0 dump an error event: error_class=Fluent::Plugin::ElasticsearchErrorHandler::ElasticsearchError error="400 - Rejected by Elasticsearch" location=nil tag="kubernetes.big5" time=2026-06-11 05:27:26.040667840 +0000 record={"stream"=>"stdout", "flags"=>"F", "log"=>"[000017] \xA6\xF8\xAAA\xBE\xB9\xA6^\xC0\xB3\xB9O\xAE\xC9\xA1A\xBD\xD0\xB5y\xAB\xE1\xA6A\xB8\xD5", "@timestamp"=>"2026-06-11T05:27:26.040667840+00:00"}
2026-06-11 05:27:52 +0000 [warn]: #0 dump an error event: error_class=Fluent::Plugin::ElasticsearchErrorHandler::ElasticsearchError error="400 - Rejected by Elasticsearch" location=nil tag="kubernetes.big5" time=2026-06-11 05:27:28.040720057 +0000 record={"stream"=>"stdout", "flags"=>"F", "log"=>"[000018] \xB3o\xACO\xA4@\xACq\xC1c\xC5\xE9\xA4\xA4\xA4\xE5\xB4\xFA\xB8\xD5\xB0T\xAE\xA7", "@timestamp"=>"2026-06-11T05:27:28.040720057+00:00"}
2026-06-11 05:27:52 +0000 [warn]: #0 dump an error event: error_class=Fluent::Plugin::ElasticsearchErrorHandler::ElasticsearchError error="400 - Rejected by Elasticsearch" location=nil tag="kubernetes.big5" time=2026-06-11 05:27:30.040955642 +0000 record={"stream"=>"stdout", "flags"=>"F", "log"=>"[000019] \xA8\xCF\xA5\xCE\xAA\xCC\xB5n\xA4J\xA5\xA2\xB1\xD1\xA1A\xB1b\xB8\xB9\xA9\xCE\xB1K\xBDX\xBF\xF9\xBB~", "@timestamp"=>"2026-06-11T05:27:30.040955642+00:00"}
2026-06-11 05:27:52 +0000 [warn]: #0 dump an error event: error_class=Fluent::Plugin::ElasticsearchErrorHandler::ElasticsearchError error="400 - Rejected by Elasticsearch" location=nil tag="kubernetes.big5" time=2026-06-11 05:27:32.041151442 +0000 record={"stream"=>"stdout", "flags"=>"F", "log"=>"[000020] \xA8t\xB2\xCE\xBF\xF9\xBB~\xA1G\xB5L\xAAk\xB3s\xBDu\xA6\xDC\xB8\xEA\xAE\xC6\xAEw", "@timestamp"=>"2026-06-11T05:27:32.041151442+00:00"}
2026-06-11 05:27:52 +0000 [warn]: #0 dump an error event: error_class=Fluent::Plugin::ElasticsearchErrorHandler::ElasticsearchError error="400 - Rejected by Elasticsearch" location=nil tag="kubernetes.big5" time=2026-06-11 05:27:34.041449398 +0000 record={"stream"=>"stdout", "flags"=>"F", "log"=>"[000021] \xADq\xB3\xE6\xB3B\xB2z\xA7\xB9\xA6\xA8\xA1A\xB7P\xC1\xC2\xB1z\xAA\xBA\xC1\xCA\xB6R", "@timestamp"=>"2026-06-11T05:27:34.041449398+00:00"}
2026-06-11 05:27:52 +0000 [warn]: #0 dump an error event: error_class=Fluent::Plugin::ElasticsearchErrorHandler::ElasticsearchError error="400 - Rejected by Elasticsearch" location=nil tag="kubernetes.big5" time=2026-06-11 05:27:36.041786226 +0000 record={"stream"=>"stdout", "flags"=>"F", "log"=>"[000022] \xC4\xB5\xA7i\xA1G\xBA\xCF\xBA\xD0\xAA\xC5\xB6\xA1\xA4\xA3\xA8\xAC\xA1A\xBD\xD0\xA5\xDF\xA7Y\xB2M\xB2z", "@timestamp"=>"2026-06-11T05:27:36.041786226+00:00"}
2026-06-11 05:27:52 +0000 [warn]: #0 dump an error event: error_class=Fluent::Plugin::ElasticsearchErrorHandler::ElasticsearchError error="400 - Rejected by Elasticsearch" location=nil tag="kubernetes.big5" time=2026-06-11 05:27:38.042063620 +0000 record={"stream"=>"stdout", "flags"=>"F", "log"=>"[000023] \xA6\xF8\xAAA\xBE\xB9\xA6^\xC0\xB3\xB9O\xAE\xC9\xA1A\xBD\xD0\xB5y\xAB\xE1\xA6A\xB8\xD5", "@timestamp"=>"2026-06-11T05:27:38.042063620+00:00"}
2026-06-11 05:27:52 +0000 [warn]: #0 dump an error event: error_class=Fluent::Plugin::ElasticsearchErrorHandler::ElasticsearchError error="400 - Rejected by Elasticsearch" location=nil tag="kubernetes.big5" time=2026-06-11 05:27:40.042163422 +0000 record={"stream"=>"stdout", "flags"=>"F", "log"=>"[000024] \xB3o\xACO\xA4@\xACq\xC1c\xC5\xE9\xA4\xA4\xA4\xE5\xB4\xFA\xB8\xD5\xB0T\xAE\xA7", "@timestamp"=>"2026-06-11T05:27:40.042163422+00:00"}
2026-06-11 05:27:52 +0000 [warn]: #0 dump an error event: error_class=Fluent::Plugin::ElasticsearchErrorHandler::ElasticsearchError error="400 - Rejected by Elasticsearch" location=nil tag="kubernetes.big5" time=2026-06-11 05:27:42.042600006 +0000 record={"stream"=>"stdout", "flags"=>"F", "log"=>"[000025] \xA8\xCF\xA5\xCE\xAA\xCC\xB5n\xA4J\xA5\xA2\xB1\xD1\xA1A\xB1b\xB8\xB9\xA9\xCE\xB1K\xBDX\xBF\xF9\xBB~", "@timestamp"=>"2026-06-11T05:27:42.042600006+00:00"}
2026-06-11 05:27:52 +0000 [warn]: #0 dump an error event: error_class=Fluent::Plugin::ElasticsearchErrorHandler::ElasticsearchError error="400 - Rejected by Elasticsearch" location=nil tag="kubernetes.big5" time=2026-06-11 05:27:44.042703642 +0000 record={"stream"=>"stdout", "flags"=>"F", "log"=>"[000026] \xA8t\xB2\xCE\xBF\xF9\xBB~\xA1G\xB5L\xAAk\xB3s\xBDu\xA6\xDC\xB8\xEA\xAE\xC6\xAEw", "@timestamp"=>"2026-06-11T05:27:44.042703642+00:00"}
2026-06-11 05:27:52 +0000 [warn]: #0 dump an error event: error_class=Fluent::Plugin::ElasticsearchErrorHandler::ElasticsearchError error="400 - Rejected by Elasticsearch" location=nil tag="kubernetes.big5" time=2026-06-11 05:27:46.043255825 +0000 record={"stream"=>"stdout", "flags"=>"F", "log"=>"[000027] \xADq\xB3\xE6\xB3B\xB2z\xA7\xB9\xA6\xA8\xA1A\xB7P\xC1\xC2\xB1z\xAA\xBA\xC1\xCA\xB6R", "@timestamp"=>"2026-06-11T05:27:46.043255825+00:00"}
2026-06-11 05:27:52 +0000 [warn]: #0 dump an error event: error_class=Fluent::Plugin::ElasticsearchErrorHandler::ElasticsearchError error="400 - Rejected by Elasticsearch" location=nil tag="kubernetes.big5" time=2026-06-11 05:27:48.043495457 +0000 record={"stream"=>"stdout", "flags"=>"F", "log"=>"[000028] \xC4\xB5\xA7i\xA1G\xBA\xCF\xBA\xD0\xAA\xC5\xB6\xA1\xA4\xA3\xA8\xAC\xA1A\xBD\xD0\xA5\xDF\xA7Y\xB2M\xB2z", "@timestamp"=>"2026-06-11T05:27:48.043495457+00:00"}
2026-06-11 05:27:52 +0000 [warn]: #0 dump an error event: error_class=Fluent::Plugin::ElasticsearchErrorHandler::ElasticsearchError error="400 - Rejected by Elasticsearch" location=nil tag="kubernetes.big5" time=2026-06-11 05:27:50.043744498 +0000 record={"stream"=>"stdout", "flags"=>"F", "log"=>"[000029] \xA6\xF8\xAAA\xBE\xB9\xA6^\xC0\xB3\xB9O\xAE\xC9\xA1A\xBD\xD0\xB5y\xAB\xE1\xA6A\xB8\xD5", "@timestamp"=>"2026-06-11T05:27:50.043744498+00:00"}
2026-06-11 05:27:57 +0000 [warn]: #0 dump an error event: error_class=Fluent::Plugin::ElasticsearchErrorHandler::ElasticsearchError error="400 - Rejected by Elasticsearch" location=nil tag="kubernetes.big5" time=2026-06-11 05:27:52.055935291 +0000 record={"stream"=>"stdout", "flags"=>"F", "log"=>"[000030] \xB3o\xACO\xA4@\xACq\xC1c\xC5\xE9\xA4\xA4\xA4\xE5\xB4\xFA\xB8\xD5\xB0T\xAE\xA7", "@timestamp"=>"2026-06-11T05:27:52.055935291+00:00"}
2026-06-11 05:27:57 +0000 [warn]: #0 dump an error event: error_class=Fluent::Plugin::ElasticsearchErrorHandler::ElasticsearchError error="400 - Rejected by Elasticsearch" location=nil tag="kubernetes.big5" time=2026-06-11 05:27:54.044288561 +0000 record={"stream"=>"stdout", "flags"=>"F", "log"=>"[000031] \xA8\xCF\xA5\xCE\xAA\xCC\xB5n\xA4J\xA5\xA2\xB1\xD1\xA1A\xB1b\xB8\xB9\xA9\xCE\xB1K\xBDX\xBF\xF9\xBB~", "@timestamp"=>"2026-06-11T05:27:54.044288561+00:00"}
2026-06-11 05:27:57 +0000 [warn]: #0 dump an error event: error_class=Fluent::Plugin::ElasticsearchErrorHandler::ElasticsearchError error="400 - Rejected by Elasticsearch" location=nil tag="kubernetes.big5" time=2026-06-11 05:27:56.044493033 +0000 record={"stream"=>"stdout", "flags"=>"F", "log"=>"[000032] \xA8t\xB2\xCE\xBF\xF9\xBB~\xA1G\xB5L\xAAk\xB3s\xBDu\xA6\xDC\xB8\xEA\xAE\xC6\xAEw", "@timestamp"=>"2026-06-11T05:27:56.044493033+00:00"}
2026-06-11 05:28:03 +0000 [warn]: #0 dump an error event: error_class=Fluent::Plugin::ElasticsearchErrorHandler::ElasticsearchError error="400 - Rejected by Elasticsearch" location=nil tag="kubernetes.big5" time=2026-06-11 05:27:58.044825618 +0000 record={"stream"=>"stdout", "flags"=>"F", "log"=>"[000033] \xADq\xB3\xE6\xB3B\xB2z\xA7\xB9\xA6\xA8\xA1A\xB7P\xC1\xC2\xB1z\xAA\xBA\xC1\xCA\xB6R", "@timestamp"=>"2026-06-11T05:27:58.044825618+00:00"}
2026-06-11 05:28:03 +0000 [warn]: #0 dump an error event: error_class=Fluent::Plugin::ElasticsearchErrorHandler::ElasticsearchError error="400 - Rejected by Elasticsearch" location=nil tag="kubernetes.big5" time=2026-06-11 05:28:00.045243730 +0000 record={"stream"=>"stdout", "flags"=>"F", "log"=>"[000034] \xC4\xB5\xA7i\xA1G\xBA\xCF\xBA\xD0\xAA\xC5\xB6\xA1\xA4\xA3\xA8\xAC\xA1A\xBD\xD0\xA5\xDF\xA7Y\xB2M\xB2z", "@timestamp"=>"2026-06-11T05:28:00.045243730+00:00"}
2026-06-11 05:28:03 +0000 [warn]: #0 dump an error event: error_class=Fluent::Plugin::ElasticsearchErrorHandler::ElasticsearchError error="400 - Rejected by Elasticsearch" location=nil tag="kubernetes.big5" time=2026-06-11 05:28:02.045130618 +0000 record={"stream"=>"stdout", "flags"=>"F", "log"=>"[000035] \xA6\xF8\xAAA\xBE\xB9\xA6^\xC0\xB3\xB9O\xAE\xC9\xA1A\xBD\xD0\xB5y\xAB\xE1\xA6A\xB8\xD5", "@timestamp"=>"2026-06-11T05:28:02.045130618+00:00"}
2026-06-11 05:28:09 +0000 [warn]: #0 dump an error event: error_class=Fluent::Plugin::ElasticsearchErrorHandler::ElasticsearchError error="400 - Rejected by Elasticsearch" location=nil tag="kubernetes.big5" time=2026-06-11 05:28:04.045416143 +0000 record={"stream"=>"stdout", "flags"=>"F", "log"=>"[000036] \xB3o\xACO\xA4@\xACq\xC1c\xC5\xE9\xA4\xA4\xA4\xE5\xB4\xFA\xB8\xD5\xB0T\xAE\xA7", "@timestamp"=>"2026-06-11T05:28:04.045416143+00:00"}
2026-06-11 05:28:09 +0000 [warn]: #0 dump an error event: error_class=Fluent::Plugin::ElasticsearchErrorHandler::ElasticsearchError error="400 - Rejected by Elasticsearch" location=nil tag="kubernetes.big5" time=2026-06-11 05:28:06.045677359 +0000 record={"stream"=>"stdout", "flags"=>"F", "log"=>"[000037] \xA8\xCF\xA5\xCE\xAA\xCC\xB5n\xA4J\xA5\xA2\xB1\xD1\xA1A\xB1b\xB8\xB9\xA9\xCE\xB1K\xBDX\xBF\xF9\xBB~", "@timestamp"=>"2026-06-11T05:28:06.045677359+00:00"}
2026-06-11 05:28:09 +0000 [warn]: #0 dump an error event: error_class=Fluent::Plugin::ElasticsearchErrorHandler::ElasticsearchError error="400 - Rejected by Elasticsearch" location=nil tag="kubernetes.big5" time=2026-06-11 05:28:08.045869150 +0000 record={"stream"=>"stdout", "flags"=>"F", "log"=>"[000038] \xA8t\xB2\xCE\xBF\xF9\xBB~\xA1G\xB5L\xAAk\xB3s\xBDu\xA6\xDC\xB8\xEA\xAE\xC6\xAEw", "@timestamp"=>"2026-06-11T05:28:08.045869150+00:00"}
2026-06-11 05:28:15 +0000 [warn]: #0 dump an error event: error_class=Fluent::Plugin::ElasticsearchErrorHandler::ElasticsearchError error="400 - Rejected by Elasticsearch" location=nil tag="kubernetes.big5" time=2026-06-11 05:28:10.046190131 +0000 record={"stream"=>"stdout", "flags"=>"F", "log"=>"[000039] \xADq\xB3\xE6\xB3B\xB2z\xA7\xB9\xA6\xA8\xA1A\xB7P\xC1\xC2\xB1z\xAA\xBA\xC1\xCA\xB6R", "@timestamp"=>"2026-06-11T05:28:10.046190131+00:00"}
2026-06-11 05:28:15 +0000 [warn]: #0 dump an error event: error_class=Fluent::Plugin::ElasticsearchErrorHandler::ElasticsearchError error="400 - Rejected by Elasticsearch" location=nil tag="kubernetes.big5" time=2026-06-11 05:28:12.046438460 +0000 record={"stream"=>"stdout", "flags"=>"F", "log"=>"[000040] \xC4\xB5\xA7i\xA1G\xBA\xCF\xBA\xD0\xAA\xC5\xB6\xA1\xA4\xA3\xA8\xAC\xA1A\xBD\xD0\xA5\xDF\xA7Y\xB2M\xB2z", "@timestamp"=>"2026-06-11T05:28:12.046438460+00:00"}
2026-06-11 05:28:15 +0000 [warn]: #0 dump an error event: error_class=Fluent::Plugin::ElasticsearchErrorHandler::ElasticsearchError error="400 - Rejected by Elasticsearch" location=nil tag="kubernetes.big5" time=2026-06-11 05:28:14.046672186 +0000 record={"stream"=>"stdout", "flags"=>"F", "log"=>"[000041] \xA6\xF8\xAAA\xBE\xB9\xA6^\xC0\xB3\xB9O\xAE\xC9\xA1A\xBD\xD0\xB5y\xAB\xE1\xA6A\xB8\xD5", "@timestamp"=>"2026-06-11T05:28:14.046672186+00:00"}
2026-06-11 05:28:21 +0000 [warn]: #0 dump an error event: error_class=Fluent::Plugin::ElasticsearchErrorHandler::ElasticsearchError error="400 - Rejected by Elasticsearch" location=nil tag="kubernetes.big5" time=2026-06-11 05:28:16.046969749 +0000 record={"stream"=>"stdout", "flags"=>"F", "log"=>"[000042] \xB3o\xACO\xA4@\xACq\xC1c\xC5\xE9\xA4\xA4\xA4\xE5\xB4\xFA\xB8\xD5\xB0T\xAE\xA7", "@timestamp"=>"2026-06-11T05:28:16.046969749+00:00"}
2026-06-11 05:28:21 +0000 [warn]: #0 dump an error event: error_class=Fluent::Plugin::ElasticsearchErrorHandler::ElasticsearchError error="400 - Rejected by Elasticsearch" location=nil tag="kubernetes.big5" time=2026-06-11 05:28:18.047069751 +0000 record={"stream"=>"stdout", "flags"=>"F", "log"=>"[000043] \xA8\xCF\xA5\xCE\xAA\xCC\xB5n\xA4J\xA5\xA2\xB1\xD1\xA1A\xB1b\xB8\xB9\xA9\xCE\xB1K\xBDX\xBF\xF9\xBB~", "@timestamp"=>"2026-06-11T05:28:18.047069751+00:00"}
2026-06-11 05:28:21 +0000 [warn]: #0 dump an error event: error_class=Fluent::Plugin::ElasticsearchErrorHandler::ElasticsearchError error="400 - Rejected by Elasticsearch" location=nil tag="kubernetes.big5" time=2026-06-11 05:28:20.047253886 +0000 record={"stream"=>"stdout", "flags"=>"F", "log"=>"[000044] \xA8t\xB2\xCE\xBF\xF9\xBB~\xA1G\xB5L\xAAk\xB3s\xBDu\xA6\xDC\xB8\xEA\xAE\xC6\xAEw", "@timestamp"=>"2026-06-11T05:28:20.047253886+00:00"}
2026-06-11 05:28:27 +0000 [warn]: #0 dump an error event: error_class=Fluent::Plugin::ElasticsearchErrorHandler::ElasticsearchError error="400 - Rejected by Elasticsearch" location=nil tag="kubernetes.big5" time=2026-06-11 05:28:22.047516043 +0000 record={"stream"=>"stdout", "flags"=>"F", "log"=>"[000045] \xADq\xB3\xE6\xB3B\xB2z\xA7\xB9\xA6\xA8\xA1A\xB7P\xC1\xC2\xB1z\xAA\xBA\xC1\xCA\xB6R", "@timestamp"=>"2026-06-11T05:28:22.047516043+00:00"}
2026-06-11 05:28:27 +0000 [warn]: #0 dump an error event: error_class=Fluent::Plugin::ElasticsearchErrorHandler::ElasticsearchError error="400 - Rejected by Elasticsearch" location=nil tag="kubernetes.big5" time=2026-06-11 05:28:24.047710775 +0000 record={"stream"=>"stdout", "flags"=>"F", "log"=>"[000046] \xC4\xB5\xA7i\xA1G\xBA\xCF\xBA\xD0\xAA\xC5\xB6\xA1\xA4\xA3\xA8\xAC\xA1A\xBD\xD0\xA5\xDF\xA7Y\xB2M\xB2z", "@timestamp"=>"2026-06-11T05:28:24.047710775+00:00"}
2026-06-11 05:28:27 +0000 [warn]: #0 dump an error event: error_class=Fluent::Plugin::ElasticsearchErrorHandler::ElasticsearchError error="400 - Rejected by Elasticsearch" location=nil tag="kubernetes.big5" time=2026-06-11 05:28:26.047904356 +0000 record={"stream"=>"stdout", "flags"=>"F", "log"=>"[000047] \xA6\xF8\xAAA\xBE\xB9\xA6^\xC0\xB3\xB9O\xAE\xC9\xA1A\xBD\xD0\xB5y\xAB\xE1\xA6A\xB8\xD5", "@timestamp"=>"2026-06-11T05:28:26.047904356+00:00"}
2026-06-11 05:28:33 +0000 [warn]: #0 dump an error event: error_class=Fluent::Plugin::ElasticsearchErrorHandler::ElasticsearchError error="400 - Rejected by Elasticsearch" location=nil tag="kubernetes.big5" time=2026-06-11 05:28:28.048424338 +0000 record={"stream"=>"stdout", "flags"=>"F", "log"=>"[000048] \xB3o\xACO\xA4@\xACq\xC1c\xC5\xE9\xA4\xA4\xA4\xE5\xB4\xFA\xB8\xD5\xB0T\xAE\xA7", "@timestamp"=>"2026-06-11T05:28:28.048424338+00:00"}
2026-06-11 05:28:33 +0000 [warn]: #0 dump an error event: error_class=Fluent::Plugin::ElasticsearchErrorHandler::ElasticsearchError error="400 - Rejected by Elasticsearch" location=nil tag="kubernetes.big5" time=2026-06-11 05:28:30.048383473 +0000 record={"stream"=>"stdout", "flags"=>"F", "log"=>"[000049] \xA8\xCF\xA5\xCE\xAA\xCC\xB5n\xA4J\xA5\xA2\xB1\xD1\xA1A\xB1b\xB8\xB9\xA9\xCE\xB1K\xBDX\xBF\xF9\xBB~", "@timestamp"=>"2026-06-11T05:28:30.048383473+00:00"}
2026-06-11 05:28:33 +0000 [warn]: #0 dump an error event: error_class=Fluent::Plugin::ElasticsearchErrorHandler::ElasticsearchError error="400 - Rejected by Elasticsearch" location=nil tag="kubernetes.big5" time=2026-06-11 05:28:32.048666919 +0000 record={"stream"=>"stdout", "flags"=>"F", "log"=>"[000050] \xA8t\xB2\xCE\xBF\xF9\xBB~\xA1G\xB5L\xAAk\xB3s\xBDu\xA6\xDC\xB8\xEA\xAE\xC6\xAEw", "@timestamp"=>"2026-06-11T05:28:32.048666919+00:00"}
2026-06-11 05:28:39 +0000 [warn]: #0 dump an error event: error_class=Fluent::Plugin::ElasticsearchErrorHandler::ElasticsearchError error="400 - Rejected by Elasticsearch" location=nil tag="kubernetes.big5" time=2026-06-11 05:28:34.048768636 +0000 record={"stream"=>"stdout", "flags"=>"F", "log"=>"[000051] \xADq\xB3\xE6\xB3B\xB2z\xA7\xB9\xA6\xA8\xA1A\xB7P\xC1\xC2\xB1z\xAA\xBA\xC1\xCA\xB6R", "@timestamp"=>"2026-06-11T05:28:34.048768636+00:00"}
2026-06-11 05:28:39 +0000 [warn]: #0 dump an error event: error_class=Fluent::Plugin::ElasticsearchErrorHandler::ElasticsearchError error="400 - Rejected by Elasticsearch" location=nil tag="kubernetes.big5" time=2026-06-11 05:28:36.048973545 +0000 record={"stream"=>"stdout", "flags"=>"F", "log"=>"[000052] \xC4\xB5\xA7i\xA1G\xBA\xCF\xBA\xD0\xAA\xC5\xB6\xA1\xA4\xA3\xA8\xAC\xA1A\xBD\xD0\xA5\xDF\xA7Y\xB2M\xB2z", "@timestamp"=>"2026-06-11T05:28:36.048973545+00:00"}
2026-06-11 05:28:39 +0000 [warn]: #0 dump an error event: error_class=Fluent::Plugin::ElasticsearchErrorHandler::ElasticsearchError error="400 - Rejected by Elasticsearch" location=nil tag="kubernetes.big5" time=2026-06-11 05:28:38.049250087 +0000 record={"stream"=>"stdout", "flags"=>"F", "log"=>"[000053] \xA6\xF8\xAAA\xBE\xB9\xA6^\xC0\xB3\xB9O\xAE\xC9\xA1A\xBD\xD0\xB5y\xAB\xE1\xA6A\xB8\xD5", "@timestamp"=>"2026-06-11T05:28:38.049250087+00:00"}
2026-06-11 05:28:45 +0000 [warn]: #0 dump an error event: error_class=Fluent::Plugin::ElasticsearchErrorHandler::ElasticsearchError error="400 - Rejected by Elasticsearch" location=nil tag="kubernetes.big5" time=2026-06-11 05:28:40.049372787 +0000 record={"stream"=>"stdout", "flags"=>"F", "log"=>"[000054] \xB3o\xACO\xA4@\xACq\xC1c\xC5\xE9\xA4\xA4\xA4\xE5\xB4\xFA\xB8\xD5\xB0T\xAE\xA7", "@timestamp"=>"2026-06-11T05:28:40.049372787+00:00"}
2026-06-11 05:28:45 +0000 [warn]: #0 dump an error event: error_class=Fluent::Plugin::ElasticsearchErrorHandler::ElasticsearchError error="400 - Rejected by Elasticsearch" location=nil tag="kubernetes.big5" time=2026-06-11 05:28:42.049631883 +0000 record={"stream"=>"stdout", "flags"=>"F", "log"=>"[000055] \xA8\xCF\xA5\xCE\xAA\xCC\xB5n\xA4J\xA5\xA2\xB1\xD1\xA1A\xB1b\xB8\xB9\xA9\xCE\xB1K\xBDX\xBF\xF9\xBB~", "@timestamp"=>"2026-06-11T05:28:42.049631883+00:00"}
2026-06-11 05:28:45 +0000 [warn]: #0 dump an error event: error_class=Fluent::Plugin::ElasticsearchErrorHandler::ElasticsearchError error="400 - Rejected by Elasticsearch" location=nil tag="kubernetes.big5" time=2026-06-11 05:28:44.049751413 +0000 record={"stream"=>"stdout", "flags"=>"F", "log"=>"[000056] \xA8t\xB2\xCE\xBF\xF9\xBB~\xA1G\xB5L\xAAk\xB3s\xBDu\xA6\xDC\xB8\xEA\xAE\xC6\xAEw", "@timestamp"=>"2026-06-11T05:28:44.049751413+00:00"}
2026-06-11 05:28:51 +0000 [warn]: #0 dump an error event: error_class=Fluent::Plugin::ElasticsearchErrorHandler::ElasticsearchError error="400 - Rejected by Elasticsearch" location=nil tag="kubernetes.big5" time=2026-06-11 05:28:46.050298655 +0000 record={"stream"=>"stdout", "flags"=>"F", "log"=>"[000057] \xADq\xB3\xE6\xB3B\xB2z\xA7\xB9\xA6\xA8\xA1A\xB7P\xC1\xC2\xB1z\xAA\xBA\xC1\xCA\xB6R", "@timestamp"=>"2026-06-11T05:28:46.050298655+00:00"}
2026-06-11 05:28:51 +0000 [warn]: #0 dump an error event: error_class=Fluent::Plugin::ElasticsearchErrorHandler::ElasticsearchError error="400 - Rejected by Elasticsearch" location=nil tag="kubernetes.big5" time=2026-06-11 05:28:48.050424650 +0000 record={"stream"=>"stdout", "flags"=>"F", "log"=>"[000058] \xC4\xB5\xA7i\xA1G\xBA\xCF\xBA\xD0\xAA\xC5\xB6\xA1\xA4\xA3\xA8\xAC\xA1A\xBD\xD0\xA5\xDF\xA7Y\xB2M\xB2z", "@timestamp"=>"2026-06-11T05:28:48.050424650+00:00"}
2026-06-11 05:28:51 +0000 [warn]: #0 dump an error event: error_class=Fluent::Plugin::ElasticsearchErrorHandler::ElasticsearchError error="400 - Rejected by Elasticsearch" location=nil tag="kubernetes.big5" time=2026-06-11 05:28:50.050682021 +0000 record={"stream"=>"stdout", "flags"=>"F", "log"=>"[000059] \xA6\xF8\xAAA\xBE\xB9\xA6^\xC0\xB3\xB9O\xAE\xC9\xA1A\xBD\xD0\xB5y\xAB\xE1\xA6A\xB8\xD5", "@timestamp"=>"2026-06-11T05:28:50.050682021+00:00"}
2026-06-11 05:28:57 +0000 [warn]: #0 dump an error event: error_class=Fluent::Plugin::ElasticsearchErrorHandler::ElasticsearchError error="400 - Rejected by Elasticsearch" location=nil tag="kubernetes.big5" time=2026-06-11 05:28:52.050890274 +0000 record={"stream"=>"stdout", "flags"=>"F", "log"=>"[000060] \xB3o\xACO\xA4@\xACq\xC1c\xC5\xE9\xA4\xA4\xA4\xE5\xB4\xFA\xB8\xD5\xB0T\xAE\xA7", "@timestamp"=>"2026-06-11T05:28:52.050890274+00:00"}
2026-06-11 05:28:57 +0000 [warn]: #0 dump an error event: error_class=Fluent::Plugin::ElasticsearchErrorHandler::ElasticsearchError error="400 - Rejected by Elasticsearch" location=nil tag="kubernetes.big5" time=2026-06-11 05:28:54.051108873 +0000 record={"stream"=>"stdout", "flags"=>"F", "log"=>"[000061] \xA8\xCF\xA5\xCE\xAA\xCC\xB5n\xA4J\xA5\xA2\xB1\xD1\xA1A\xB1b\xB8\xB9\xA9\xCE\xB1K\xBDX\xBF\xF9\xBB~", "@timestamp"=>"2026-06-11T05:28:54.051108873+00:00"}
2026-06-11 05:28:57 +0000 [warn]: #0 dump an error event: error_class=Fluent::Plugin::ElasticsearchErrorHandler::ElasticsearchError error="400 - Rejected by Elasticsearch" location=nil tag="kubernetes.big5" time=2026-06-11 05:28:56.051385232 +0000 record={"stream"=>"stdout", "flags"=>"F", "log"=>"[000062] \xA8t\xB2\xCE\xBF\xF9\xBB~\xA1G\xB5L\xAAk\xB3s\xBDu\xA6\xDC\xB8\xEA\xAE\xC6\xAEw", "@timestamp"=>"2026-06-11T05:28:56.051385232+00:00"}
2026-06-11 05:29:04 +0000 [warn]: #0 dump an error event: error_class=Fluent::Plugin::ElasticsearchErrorHandler::ElasticsearchError error="400 - Rejected by Elasticsearch" location=nil tag="kubernetes.big5" time=2026-06-11 05:28:58.051586576 +0000 record={"stream"=>"stdout", "flags"=>"F", "log"=>"[000063] \xADq\xB3\xE6\xB3B\xB2z\xA7\xB9\xA6\xA8\xA1A\xB7P\xC1\xC2\xB1z\xAA\xBA\xC1\xCA\xB6R", "@timestamp"=>"2026-06-11T05:28:58.051586576+00:00"}
2026-06-11 05:29:04 +0000 [warn]: #0 dump an error event: error_class=Fluent::Plugin::ElasticsearchErrorHandler::ElasticsearchError error="400 - Rejected by Elasticsearch" location=nil tag="kubernetes.big5" time=2026-06-11 05:29:00.051733478 +0000 record={"stream"=>"stdout", "flags"=>"F", "log"=>"[000064] \xC4\xB5\xA7i\xA1G\xBA\xCF\xBA\xD0\xAA\xC5\xB6\xA1\xA4\xA3\xA8\xAC\xA1A\xBD\xD0\xA5\xDF\xA7Y\xB2M\xB2z", "@timestamp"=>"2026-06-11T05:29:00.051733478+00:00"}
2026-06-11 05:29:04 +0000 [warn]: #0 dump an error event: error_class=Fluent::Plugin::ElasticsearchErrorHandler::ElasticsearchError error="400 - Rejected by Elasticsearch" location=nil tag="kubernetes.big5" time=2026-06-11 05:29:02.052108779 +0000 record={"stream"=>"stdout", "flags"=>"F", "log"=>"[000065] \xA6\xF8\xAAA\xBE\xB9\xA6^\xC0\xB3\xB9O\xAE\xC9\xA1A\xBD\xD0\xB5y\xAB\xE1\xA6A\xB8\xD5", "@timestamp"=>"2026-06-11T05:29:02.052108779+00:00"}
2026-06-11 05:29:10 +0000 [warn]: #0 dump an error event: error_class=Fluent::Plugin::ElasticsearchErrorHandler::ElasticsearchError error="400 - Rejected by Elasticsearch" location=nil tag="kubernetes.big5" time=2026-06-11 05:29:04.052268325 +0000 record={"stream"=>"stdout", "flags"=>"F", "log"=>"[000066] \xB3o\xACO\xA4@\xACq\xC1c\xC5\xE9\xA4\xA4\xA4\xE5\xB4\xFA\xB8\xD5\xB0T\xAE\xA7", "@timestamp"=>"2026-06-11T05:29:04.052268325+00:00"}
2026-06-11 05:29:10 +0000 [warn]: #0 dump an error event: error_class=Fluent::Plugin::ElasticsearchErrorHandler::ElasticsearchError error="400 - Rejected by Elasticsearch" location=nil tag="kubernetes.big5" time=2026-06-11 05:29:06.052496848 +0000 record={"stream"=>"stdout", "flags"=>"F", "log"=>"[000067] \xA8\xCF\xA5\xCE\xAA\xCC\xB5n\xA4J\xA5\xA2\xB1\xD1\xA1A\xB1b\xB8\xB9\xA9\xCE\xB1K\xBDX\xBF\xF9\xBB~", "@timestamp"=>"2026-06-11T05:29:06.052496848+00:00"}
2026-06-11 05:29:10 +0000 [warn]: #0 dump an error event: error_class=Fluent::Plugin::ElasticsearchErrorHandler::ElasticsearchError error="400 - Rejected by Elasticsearch" location=nil tag="kubernetes.big5" time=2026-06-11 05:29:08.052722980 +0000 record={"stream"=>"stdout", "flags"=>"F", "log"=>"[000068] \xA8t\xB2\xCE\xBF\xF9\xBB~\xA1G\xB5L\xAAk\xB3s\xBDu\xA6\xDC\xB8\xEA\xAE\xC6\xAEw", "@timestamp"=>"2026-06-11T05:29:08.052722980+00:00"}
2026-06-11 05:29:16 +0000 [warn]: #0 dump an error event: error_class=Fluent::Plugin::ElasticsearchErrorHandler::ElasticsearchError error="400 - Rejected by Elasticsearch" location=nil tag="kubernetes.big5" time=2026-06-11 05:29:10.052804250 +0000 record={"stream"=>"stdout", "flags"=>"F", "log"=>"[000069] \xADq\xB3\xE6\xB3B\xB2z\xA7\xB9\xA6\xA8\xA1A\xB7P\xC1\xC2\xB1z\xAA\xBA\xC1\xCA\xB6R", "@timestamp"=>"2026-06-11T05:29:10.052804250+00:00"}
2026-06-11 05:29:16 +0000 [warn]: #0 dump an error event: error_class=Fluent::Plugin::ElasticsearchErrorHandler::ElasticsearchError error="400 - Rejected by Elasticsearch" location=nil tag="kubernetes.big5" time=2026-06-11 05:29:12.053113075 +0000 record={"stream"=>"stdout", "flags"=>"F", "log"=>"[000070] \xC4\xB5\xA7i\xA1G\xBA\xCF\xBA\xD0\xAA\xC5\xB6\xA1\xA4\xA3\xA8\xAC\xA1A\xBD\xD0\xA5\xDF\xA7Y\xB2M\xB2z", "@timestamp"=>"2026-06-11T05:29:12.053113075+00:00"}
2026-06-11 05:29:16 +0000 [warn]: #0 dump an error event: error_class=Fluent::Plugin::ElasticsearchErrorHandler::ElasticsearchError error="400 - Rejected by Elasticsearch" location=nil tag="kubernetes.big5" time=2026-06-11 05:29:14.053295479 +0000 record={"stream"=>"stdout", "flags"=>"F", "log"=>"[000071] \xA6\xF8\xAAA\xBE\xB9\xA6^\xC0\xB3\xB9O\xAE\xC9\xA1A\xBD\xD0\xB5y\xAB\xE1\xA6A\xB8\xD5", "@timestamp"=>"2026-06-11T05:29:14.053295479+00:00"}
2026-06-11 05:29:22 +0000 [warn]: #0 dump an error event: error_class=Fluent::Plugin::ElasticsearchErrorHandler::ElasticsearchError error="400 - Rejected by Elasticsearch" location=nil tag="kubernetes.big5" time=2026-06-11 05:29:16.053598382 +0000 record={"stream"=>"stdout", "flags"=>"F", "log"=>"[000072] \xB3o\xACO\xA4@\xACq\xC1c\xC5\xE9\xA4\xA4\xA4\xE5\xB4\xFA\xB8\xD5\xB0T\xAE\xA7", "@timestamp"=>"2026-06-11T05:29:16.053598382+00:00"}
2026-06-11 05:29:22 +0000 [warn]: #0 dump an error event: error_class=Fluent::Plugin::ElasticsearchErrorHandler::ElasticsearchError error="400 - Rejected by Elasticsearch" location=nil tag="kubernetes.big5" time=2026-06-11 05:29:18.053834853 +0000 record={"stream"=>"stdout", "flags"=>"F", "log"=>"[000073] \xA8\xCF\xA5\xCE\xAA\xCC\xB5n\xA4J\xA5\xA2\xB1\xD1\xA1A\xB1b\xB8\xB9\xA9\xCE\xB1K\xBDX\xBF\xF9\xBB~", "@timestamp"=>"2026-06-11T05:29:18.053834853+00:00"}
2026-06-11 05:29:22 +0000 [warn]: #0 dump an error event: error_class=Fluent::Plugin::ElasticsearchErrorHandler::ElasticsearchError error="400 - Rejected by Elasticsearch" location=nil tag="kubernetes.big5" time=2026-06-11 05:29:20.054039291 +0000 record={"stream"=>"stdout", "flags"=>"F", "log"=>"[000074] \xA8t\xB2\xCE\xBF\xF9\xBB~\xA1G\xB5L\xAAk\xB3s\xBDu\xA6\xDC\xB8\xEA\xAE\xC6\xAEw", "@timestamp"=>"2026-06-11T05:29:20.054039291+00:00"}
2026-06-11 05:29:28 +0000 [warn]: #0 dump an error event: error_class=Fluent::Plugin::ElasticsearchErrorHandler::ElasticsearchError error="400 - Rejected by Elasticsearch" location=nil tag="kubernetes.big5" time=2026-06-11 05:29:22.054331550 +0000 record={"stream"=>"stdout", "flags"=>"F", "log"=>"[000075] \xADq\xB3\xE6\xB3B\xB2z\xA7\xB9\xA6\xA8\xA1A\xB7P\xC1\xC2\xB1z\xAA\xBA\xC1\xCA\xB6R", "@timestamp"=>"2026-06-11T05:29:22.054331550+00:00"}
2026-06-11 05:29:28 +0000 [warn]: #0 dump an error event: error_class=Fluent::Plugin::ElasticsearchErrorHandler::ElasticsearchError error="400 - Rejected by Elasticsearch" location=nil tag="kubernetes.big5" time=2026-06-11 05:29:24.054545729 +0000 record={"stream"=>"stdout", "flags"=>"F", "log"=>"[000076] \xC4\xB5\xA7i\xA1G\xBA\xCF\xBA\xD0\xAA\xC5\xB6\xA1\xA4\xA3\xA8\xAC\xA1A\xBD\xD0\xA5\xDF\xA7Y\xB2M\xB2z", "@timestamp"=>"2026-06-11T05:29:24.054545729+00:00"}
2026-06-11 05:29:28 +0000 [warn]: #0 dump an error event: error_class=Fluent::Plugin::ElasticsearchErrorHandler::ElasticsearchError error="400 - Rejected by Elasticsearch" location=nil tag="kubernetes.big5" time=2026-06-11 05:29:26.054822305 +0000 record={"stream"=>"stdout", "flags"=>"F", "log"=>"[000077] \xA6\xF8\xAAA\xBE\xB9\xA6^\xC0\xB3\xB9O\xAE\xC9\xA1A\xBD\xD0\xB5y\xAB\xE1\xA6A\xB8\xD5", "@timestamp"=>"2026-06-11T05:29:26.054822305+00:00"}
2026-06-11 05:29:34 +0000 [warn]: #0 dump an error event: error_class=Fluent::Plugin::ElasticsearchErrorHandler::ElasticsearchError error="400 - Rejected by Elasticsearch" location=nil tag="kubernetes.big5" time=2026-06-11 05:29:28.055097657 +0000 record={"stream"=>"stdout", "flags"=>"F", "log"=>"[000078] \xB3o\xACO\xA4@\xACq\xC1c\xC5\xE9\xA4\xA4\xA4\xE5\xB4\xFA\xB8\xD5\xB0T\xAE\xA7", "@timestamp"=>"2026-06-11T05:29:28.055097657+00:00"}
2026-06-11 05:29:34 +0000 [warn]: #0 dump an error event: error_class=Fluent::Plugin::ElasticsearchErrorHandler::ElasticsearchError error="400 - Rejected by Elasticsearch" location=nil tag="kubernetes.big5" time=2026-06-11 05:29:30.055223340 +0000 record={"stream"=>"stdout", "flags"=>"F", "log"=>"[000079] \xA8\xCF\xA5\xCE\xAA\xCC\xB5n\xA4J\xA5\xA2\xB1\xD1\xA1A\xB1b\xB8\xB9\xA9\xCE\xB1K\xBDX\xBF\xF9\xBB~", "@timestamp"=>"2026-06-11T05:29:30.055223340+00:00"}
2026-06-11 05:29:34 +0000 [warn]: #0 dump an error event: error_class=Fluent::Plugin::ElasticsearchErrorHandler::ElasticsearchError error="400 - Rejected by Elasticsearch" location=nil tag="kubernetes.big5" time=2026-06-11 05:29:32.055691809 +0000 record={"stream"=>"stdout", "flags"=>"F", "log"=>"[000080] \xA8t\xB2\xCE\xBF\xF9\xBB~\xA1G\xB5L\xAAk\xB3s\xBDu\xA6\xDC\xB8\xEA\xAE\xC6\xAEw", "@timestamp"=>"2026-06-11T05:29:32.055691809+00:00"}
2026-06-11 05:29:40 +0000 [warn]: #0 dump an error event: error_class=Fluent::Plugin::ElasticsearchErrorHandler::ElasticsearchError error="400 - Rejected by Elasticsearch" location=nil tag="kubernetes.big5" time=2026-06-11 05:29:34.055881995 +0000 record={"stream"=>"stdout", "flags"=>"F", "log"=>"[000081] \xADq\xB3\xE6\xB3B\xB2z\xA7\xB9\xA6\xA8\xA1A\xB7P\xC1\xC2\xB1z\xAA\xBA\xC1\xCA\xB6R", "@timestamp"=>"2026-06-11T05:29:34.055881995+00:00"}
2026-06-11 05:29:40 +0000 [warn]: #0 dump an error event: error_class=Fluent::Plugin::ElasticsearchErrorHandler::ElasticsearchError error="400 - Rejected by Elasticsearch" location=nil tag="kubernetes.big5" time=2026-06-11 05:29:36.056249835 +0000 record={"stream"=>"stdout", "flags"=>"F", "log"=>"[000082] \xC4\xB5\xA7i\xA1G\xBA\xCF\xBA\xD0\xAA\xC5\xB6\xA1\xA4\xA3\xA8\xAC\xA1A\xBD\xD0\xA5\xDF\xA7Y\xB2M\xB2z", "@timestamp"=>"2026-06-11T05:29:36.056249835+00:00"}
2026-06-11 05:29:40 +0000 [warn]: #0 dump an error event: error_class=Fluent::Plugin::ElasticsearchErrorHandler::ElasticsearchError error="400 - Rejected by Elasticsearch" location=nil tag="kubernetes.big5" time=2026-06-11 05:29:38.056459861 +0000 record={"stream"=>"stdout", "flags"=>"F", "log"=>"[000083] \xA6\xF8\xAAA\xBE\xB9\xA6^\xC0\xB3\xB9O\xAE\xC9\xA1A\xBD\xD0\xB5y\xAB\xE1\xA6A\xB8\xD5", "@timestamp"=>"2026-06-11T05:29:38.056459861+00:00"}
2026-06-11 05:29:46 +0000 [warn]: #0 dump an error event: error_class=Fluent::Plugin::ElasticsearchErrorHandler::ElasticsearchError error="400 - Rejected by Elasticsearch" location=nil tag="kubernetes.big5" time=2026-06-11 05:29:40.056618735 +0000 record={"stream"=>"stdout", "flags"=>"F", "log"=>"[000084] \xB3o\xACO\xA4@\xACq\xC1c\xC5\xE9\xA4\xA4\xA4\xE5\xB4\xFA\xB8\xD5\xB0T\xAE\xA7", "@timestamp"=>"2026-06-11T05:29:40.056618735+00:00"}
2026-06-11 05:29:46 +0000 [warn]: #0 dump an error event: error_class=Fluent::Plugin::ElasticsearchErrorHandler::ElasticsearchError error="400 - Rejected by Elasticsearch" location=nil tag="kubernetes.big5" time=2026-06-11 05:29:42.056787818 +0000 record={"stream"=>"stdout", "flags"=>"F", "log"=>"[000085] \xA8\xCF\xA5\xCE\xAA\xCC\xB5n\xA4J\xA5\xA2\xB1\xD1\xA1A\xB1b\xB8\xB9\xA9\xCE\xB1K\xBDX\xBF\xF9\xBB~", "@timestamp"=>"2026-06-11T05:29:42.056787818+00:00"}
2026-06-11 05:29:46 +0000 [warn]: #0 dump an error event: error_class=Fluent::Plugin::ElasticsearchErrorHandler::ElasticsearchError error="400 - Rejected by Elasticsearch" location=nil tag="kubernetes.big5" time=2026-06-11 05:29:44.057129288 +0000 record={"stream"=>"stdout", "flags"=>"F", "log"=>"[000086] \xA8t\xB2\xCE\xBF\xF9\xBB~\xA1G\xB5L\xAAk\xB3s\xBDu\xA6\xDC\xB8\xEA\xAE\xC6\xAEw", "@timestamp"=>"2026-06-11T05:29:44.057129288+00:00"}
2026-06-11 05:29:52 +0000 [warn]: #0 dump an error event: error_class=Fluent::Plugin::ElasticsearchErrorHandler::ElasticsearchError error="400 - Rejected by Elasticsearch" location=nil tag="kubernetes.big5" time=2026-06-11 05:29:46.057315927 +0000 record={"stream"=>"stdout", "flags"=>"F", "log"=>"[000087] \xADq\xB3\xE6\xB3B\xB2z\xA7\xB9\xA6\xA8\xA1A\xB7P\xC1\xC2\xB1z\xAA\xBA\xC1\xCA\xB6R", "@timestamp"=>"2026-06-11T05:29:46.057315927+00:00"}
2026-06-11 05:29:52 +0000 [warn]: #0 dump an error event: error_class=Fluent::Plugin::ElasticsearchErrorHandler::ElasticsearchError error="400 - Rejected by Elasticsearch" location=nil tag="kubernetes.big5" time=2026-06-11 05:29:48.057650831 +0000 record={"stream"=>"stdout", "flags"=>"F", "log"=>"[000088] \xC4\xB5\xA7i\xA1G\xBA\xCF\xBA\xD0\xAA\xC5\xB6\xA1\xA4\xA3\xA8\xAC\xA1A\xBD\xD0\xA5\xDF\xA7Y\xB2M\xB2z", "@timestamp"=>"2026-06-11T05:29:48.057650831+00:00"}
2026-06-11 05:29:52 +0000 [warn]: #0 dump an error event: error_class=Fluent::Plugin::ElasticsearchErrorHandler::ElasticsearchError error="400 - Rejected by Elasticsearch" location=nil tag="kubernetes.big5" time=2026-06-11 05:29:50.057821937 +0000 record={"stream"=>"stdout", "flags"=>"F", "log"=>"[000089] \xA6\xF8\xAAA\xBE\xB9\xA6^\xC0\xB3\xB9O\xAE\xC9\xA1A\xBD\xD0\xB5y\xAB\xE1\xA6A\xB8\xD5", "@timestamp"=>"2026-06-11T05:29:50.057821937+00:00"}
